[   0.00000] nializng cgoup subsys cpuset
[   0.000]Iniaizig rop susycp
[  000000] Iitializing cgroup subsys cpuacct
[    0.000000] Linux version 4.4.0-119-generic (buildd@lcy01-amd64-013) (gc ersio5.0 2016069 buntu 5.4.0-6ubntu1~6..9 ) #143-Ubuntu SMP Mon Apr 2 16:08:24 UTC 2018 (Ubuntu 4.4.0-119.143-generic 4.4.114)
[    0.000000] Command line: BOOT_IMAGE=/boot/vmlinuz-4.4.0-119-generic root=LABEL=cloudimg-rootfs ro console=tty1 cosole=tty0
    00000] KERNELsuortedpu
[   0.0000   Inte Genuinentl
[    0.000000]   AMD AuthenticAMD
[    0.0000]   CetaurCeauHaul
  0.00000] 6/fpuxsat_offet]: 576,xste_size[2  256
[  0000000] x86/fu:Suprtg XSVEeaure 0x1:x8 foangpointregsters'
[    0.00000]x8/fpu Spotig AV feate xx02: 'SEegsters'[  0.00000 x6/fp: uprting XSAVfeture 0x: VX reisrs
[  00000] 6/pu: Enbl xtate features 0x7, cotext sizis832 yt, sing stdad' format.
[    0.00000x86/f: Using 'lazy' FPU context switches.
[    0.000000] e820: BIOS-provided physical RAM map:
[    0.000000] BIOS-e820: [mem 0x0000000000000000-0x000000000009fbff] usable
[    0.000000] BIOS-e820: [mem 0x000000000009fc00-0x000000000009ffff] reserved
[    0.000000] BIOS-e820:[mem 0x000000000f0000-0x00000000ffff] reserved
[   000000BI-e820[m 0x00000000100000-0x000000003ffeffff] usable
[    0.000000] BIOS-e820: [mem 0x000000003fff0000-0x000000003fffffff] ACPIdaa
[    0.000000] BIOS-e820: [mem 0x00000000fec00000-0x00000000fec00fff] reserved
[    0.000000] BIOS-e820: [mem 0x00000000fee00000-0x00000000fee00fff] reserved[    0.0000] BIOS-e820: [mem 0x00000000fffc0000-0x00000000ffffffff] reserved
[    0.000000] NX (Execute Disable) protection: active
[    0.000000] SMBIOS 2.5 prsent.[   0000] Hypeisor detected: KVM
[    0.000000] e820: last_pfn = 0x3f0 maxrcpfn = 000000
   0.000000] MTRR: Dabed
[    0.00000]86PAT: MRRdisabd,kippngATinitialaton too.
[    000000] CU TR all ank -vitualzesytem.[  0.000000] x86/PAT: Configuration [0-7]: WB T C- UC  B T UC- U [    00000fod SMP MPabe at me0x0009fff0-0x0009ffff] mapped at [ffff88000009ff0]
[  000000]canig areas for low memory corruption
[    0.000000] RAMDISK: [mem 0x36ae4000-0x37569fff]
[    0.000000] ACPI: Early table checksum verification disabled
[    0.000000] ACPI: RSDP 0x00000000000E0000 00024 (v02 OX)
[    00000] CPI: SDT 0x000003FFF3000003C(v01VBOX  VBXSDT 00001 ASL  0000)
[  00000] PI FAC 00000003FFF00000F4 v0VBOX  OXACP 00001 SL  0006)[  0.000] CPI: DT0x0000003FF0470 0021FF (v02 VBOX   VBOXBIOS 00000002 INTL 20100528)
[    0.000000] ACPI: FACS 0x000000003FFF0200 000040
[    0.000000] ACPI: FACS 0x000000003FFF0200 000040
[    0.0000ACPI:PI0x000003FFF240 00005C (v02 VBOX   VBOXAPIC 00000001 ASL  000001)
[    0.000000] ACPI: SSDT 0x000000003FFF02A0 0001CC (v01 VBOX   VBOXCPUT 00000002 INTL 20100528)
[    0.000000] No NUMA configuration found
[    0.000000] Faking a node at [mem 0x00000000000000-0x000000003ffeffff]
[    0.000000] NODE_DATA(0) allocaed [mem 0xffeb000-0x3ffeff
[    000000] kvm-clock: Using msrs 4b564d01 and 4b564d00
[    0.000000] kvm-clock: cpu 0, msr 0:3ffe3001,primary cpu clock
  0.00000 k-cock: usig hed oseof 381161474cyles
[    00000 clocsoce kvm-clk:mask: 0xffffffffffffff max_cycles: 0x1cd42e4dffb, max_idle_ns: 8815905914833 ns
[    0.00000] Znerage:
[    0.0000] DM     [mem 0x0000000000001000-0x0000000000ffffff]
[    0.000000]   DMA32    [mem 0x0000000001000000-0x000000003ffeffff]
[    0.000000]   Normal   empty
[    0.000000]   Device   empty
[    0.000000] Movable zone start for each node
[    .0000 Erl memor ne anes[   .000000  noe   0:[m 00000000001000-0x000000000009efff
[  0.000]  node   0: [mem 0x000000100-000000003effff]
[  000000]nitme supnode0 em0x000000001000x000000fffff]
[    0.000000] ACPI:PMimerIOor: x48
[    000000]IOPIC[0] aic_id 2, version 32, addess xfec00000, GSI 0-23
[    0.000000] ACPI: INT_SRC_OVR (bus 0 bus_irq 0 global_irq 2 dfl l)
[    00000 ACPI: INT_SRC_OVR (bus 0 bus_irq 9 global_irq 9 low level)
[    0.000000] si ACP (MADT) for SMP configuration information
[    0.000000] smpboot: Allowing 2 CPUs, 0 hotplug CPUs
[  000000]M:Register nave memory: [me 00000000-x000fff
[   0000000] PM: Registered nosave memor: em0x000f0-0x0009fff][    0.000000]M:Registered nosave memory: [mem 0x000a0000-0x000effff]
[    0.000000] PM: Registered nosave memory: [me 000f0000-0x00fff]
[  00000] 20 [me 000000-fefffff] valable fo PI devce
[   0.00000Booti paviruazed kernel on KVM
[    0.000000] clocksource: refined-jiffies: mask: 0xffffffff max_cycles: 0xffffffff, max_idle_ns: 7645519600211568 ns
[    0.000000] setup_percpu: NR_CPUS:512 nr_cpumask_bits:512 nr_cpu_ids:2 nr_node_ids:1
[    0.000000] PERCPU: Embedded 34 pages/cpu @ffff88003fc00000 s99544 r8192 d31528 u1048576
[    0.000000] PV spnlck has tle entres25 (orer0,4096bys)
[   0.0000] Bil1 onlis in Node order, mobility grouping on.  Ttal pages 2912
  0.00000Pocy zo: A32[  0.0000 Kernel command lin: BOT_AGE=/bot/vmlinuz-4.4.0-119-genericroot=LBE=couimrotfs o onsole=tty csoe=ttS0[    00000] P hh talenties 46 orde:  3768 yt)
[  0.0000] Meor 1001748K/1048120Kavlable (852Kernel code, 1313K rwdata, 396K rodata, 1508K init, 1316K bss, 46372K reserved, 0K cma-reserved)
[    0.00000] SLUB: HWaign=64, Orde=0-3MiObjects=0, CPUs=2, Nodes=1
   0.0000 Kernel/User pag tabes isolatin:enled
[    0.000000] HierarchialCUimplementation.
[    0.000] Build-tmedjstment f af fno t 64.
  0.0000]	R restrcting CUsrom NCP=512 o _cu_id=2
[   0.000]RC: juting gemey for r_fnoutle=6, ncpids=2
[   0.000000] NRIRS:3324 n_irqs:4016
[   0.000] Console: colour GA+ 80x25
[    00000] console [tty1] enabed
[    0.000] conso [tyS enabled
[    0.000000] tsc: Detected 2600.000 MHz processor
[   13.6418] Calibrating delay loop (skipped) preset value.. 5200.00 BogoMIPS (lpj=10400000)
[   13.752695] pid_max: default: 32768 minimum: 301
[   13.839892] ACPI: Core revision 20150930
[   13.913651] ACPI: 2 ACPI AML tables successfully acquired and loaded
[   14.005235] Security Framework initialized
[   14.068226] Yama: becoming mindful.
[   14.120564] AppArmor: AppArmor initialized
[   14.177806] Dentry cache hash table entries: 131072 (order: 8, 1048576 bytes)
[   14.258524] Inode-cache hash table entries: 65536 (order: 7, 524288 bytes)
[   14.334394] Mount-cache hash table entries: 2048 (order: 2, 16384 bytes)
[   14.336602] Mountpoint-cache hash table entries: 2048 (order: 2, 16384 bytes)
[   14.353627] Initializing cgroup subsys io
[   14.388151] Initializing cgroup subsys memory
[   14.412312] Initializing cgroup subsys devices
[   14.489108] Initializing cgroup subsys freezer
[   14.569848] Initializing cgroup subsys net_cls
[   14.627725] Initializing cgroup subsys perf_event
[   14.660368] Initializing cgroup subsys net_prio
[   14.737168] Initializing cgroup subsys hugetlb
[   14.803580] Initializing cgroup subsys pids
[   14.872562] CPU: Physical Processor ID: 0
[   14.893018] CPU: Processor Core ID: 0
[   14.941041] FEATURE SPEC_CTRL Not Present
[   15.005604] mce: CPU supports 0 MCE banks
[   15.070254] Last level iTLB entries: 4KB 1024, 2MB 1024, 4MB 1024
[   15.153841] Last level dTLB entries: 4KB 1024, 2MB 1024, 4MB 1024, 1GB 4
[   15.218616] Spectre V2 mitigation: Mitigation: Full generic retpoline
[   15.239325] Spectre V2 mitigation: Speculation control IBPB not-supported IBRS not-supported
[   15.281663] Freeing SMP alternatives memory: 32K
[   15.364214] ftrace: allocating 32195 entries in 126 pages
[   15.449017] smpboot: APIC(0) Converting physical 0 to logical package 0
[   15.469844] smpboot: Max logical packages: 1
[   15.490587] x2apic enabled
[   15.498755] Switched APIC routing to physical x2apic.
[   15.539007] ..TIMER: vector=0x30 apic1=0 pin1=2 apic2=-1 pin2=-1
[   15.683829] smpboot: CPU0: Intel(R) Core(TM) i5-4278U CPU @ 2.60GHz (family: 0x6, model: 0x45, stepping: 0x1)
[   15.857935] Performance Events: unsupported p6 CPU model 69 no PMU driver, software events only.
[   15.977582] KVM setup paravirtual spinlock
[   15.998076] x86: Booting SMP configuration:
[   16.058215] .... node  #0, CPUs:      #1
[   16.122093] kvm-clock: cpu 1, msr 0:3ffe3041, secondary cpu clock
[   16.134628] mce: CPU supports 0 MCE banks
[   16.137803] x86: Booted up 1 node, 2 CPUs
[   16.173397] smpboot: Total of 2 processors activated (10400.00 BogoMIPS)
[   16.244197] devtmpfs: initialized
[   16.273757] evm: security.selinux
[   16.276080] evm: security.SMACK64
[   16.297881] evm: security.SMACK64EXEC
[   16.327155] evm: security.SMACK64TRANSMUTE
[   16.363838] evm: security.SMACK64MMAP
[   16.381411] evm: security.ima
[   16.396184] evm: security.capability
[   16.443206] clocksource: jiffies: mask: 0xffffffff max_cycles: 0xffffffff, max_idle_ns: 7645041785100000 ns
[   16.531390] futex hash table entries: 512 (order: 3, 32768 bytes)
[   16.601141] pinctrl core: initialized pinctrl subsystem
[   16.619722] RTC time:  8:54:33, date: 04/26/18
[   16.621748] NET: Registered protocol family 16
[   16.655696] cpuidle: using governor ladder
[   16.680105] cpuidle: using governor menu
[   16.700269] PCCT header not found.
[   16.748572] ACPI: bus type PCI registered
[   16.776357] acpiphp: ACPI Hot Plug PCI Controller Driver version: 0.5
[   16.829640] PCI: Using configuration type 1 for base access
[   16.882126] ACPI: Added _OSI(Module Device)
[   16.921832] ACPI: Added _OSI(Processor Device)
[   16.960333] ACPI: Added _OSI(3.0 _SCP Extensions)
[   17.008965] ACPI: Added _OSI(Processor Aggregator Device)
[   17.034347] ACPI: Executed 1 blocks of module-level executable AML code
[   17.067467] ACPI: Interpreter enabled
[   17.092785] ACPI: (supports S0 S5)
[   17.133694] ACPI: Using IOAPIC for interrupt routing
[   17.187094] PCI: Using host bridge windows from ACPI; if necessary, use "pci=nocrs" and report a bug
[   17.289083] ACPI: PCI Root Bridge [PCI0] (domain 0000 [bus 00-ff])
[   17.355041] acpi PNP0A03:00: _OSC: OS supports [ASPM ClockPM Segments MSI]
[   17.439562] acpi PNP0A03:00: _OSC: not requesting OS control; OS requires [ExtendedConfig ASPM ClockPM MSI]
[   17.512436] acpi PNP0A03:00: fail to add MMCONFIG information, can't access extended PCI configuration space under this bridge.
[   17.634691] PCI host bridge to bus 0000:00
[   17.685772] pci_bus 0000:00: root bus resource [io  0x0000-0x0cf7 window]
[   17.724657] pci_bus 0000:00: root bus resource [io  0x0d00-0xffff window]
[   17.740388] pci_bus 0000:00: root bus resource [mem 0x000a0000-0x000bffff window]
[   17.748508] pci_bus 0000:00: root bus resource [mem 0x40000000-0xfdffffff window]
[   17.759658] pci_bus 0000:00: root bus resource [bus 00-ff]
[   17.788030] pci 0000:00:01.1: legacy IDE quirk: reg 0x10: [io  0x01f0-0x01f7]
[   17.827613] pci 0000:00:01.1: legacy IDE quirk: reg 0x14: [io  0x03f6]
[   17.845158] pci 0000:00:01.1: legacy IDE quirk: reg 0x18: [io  0x0170-0x0177]
[   17.901629] pci 0000:00:01.1: legacy IDE quirk: reg 0x1c: [io  0x0376]
[   17.979610] pci 0000:00:07.0: quirk: [io  0x4000-0x403f] claimed by PIIX4 ACPI
[   18.027201] pci 0000:00:07.0: quirk: [io  0x4100-0x410f] claimed by PIIX4 SMB
[   18.105861] ACPI: PCI Interrupt Link [LNKA] (IRQs 5 9 10 *11)
[   18.178048] ACPI: PCI Interrupt Link [LNKB] (IRQs 5 9 *10 11)
[   18.231142] ACPI: PCI Interrupt Link [LNKC] (IRQs 5 *9 10 11)
[   18.278352] ACPI: PCI Interrupt Link [LNKD] (IRQs 5 9 10 *11)
[   18.335399] ACPI: Enabled 2 GPEs in block 00 to 07
[   18.376652] vgaarb: setting as boot device: PCI:0000:00:02.0
[   18.416687] vgaarb: device added: PCI:0000:00:02.0,decodes=io+mem,owns=io+mem,locks=none
[   18.487477] vgaarb: loaded
[   18.508680] vgaarb: bridge control possible 0000:00:02.0
[   18.557901] SCSI subsystem initialized
[   18.576589] ACPI: bus type USB registered
[   18.610824] usbcore: registered new interface driver usbfs
[   18.659952] usbcore: registered new interface driver hub
[   18.709054] usbcore: registered new device driver usb
[   18.744597] PCI: Using ACPI for IRQ routing
[   18.784451] NetLabel: Initializing
[   18.813073] NetLabel:  domain hash size = 128
[   18.859304] NetLabel:  protocols = UNLABELED CIPSOv4
[   18.875955] NetLabel:  unlabeled traffic allowed by default
[   18.890669] amd_nb: Cannot enumerate AMD northbridges
[   18.905263] clocksource: Switched to clocksource kvm-clock
[   8.14] ppmor:Aprm FesteEnle
[ 19220]pn: P CPin
  9.571] pnp: PnP ACPI: found 3 devices

[   20.015713] clocksource: acpi_pm: mask: 0xffffff max_cycles: 0xffffff, max_idle_ns: 2085701024 ns
[   20.045937] NET: Registered protocol family 2
[   20.056571] TCP established hash table entries: 8192 (order: 4, 65536 bytes)
[   20.074264] TCP bind hash table entries: 8192 (order: 5, 131072 bytes)
[   20.095038] TCP: Hash tables configured (established 8192 bind 8192)
[   20.116320] UDP hash table entries: 512 (order: 2, 16384 bytes)
[   20.143044] UDP-Lite hash table entries: 512 (order: 2, 16384 bytes)
[   20.193006] NET: Registered protocol family 1
[   20.218189] pci 0000:00:00.0: Limiting direct PCI/PCI transfers
[   20.226643] pci 0000:00:01.0: Activating ISA DMA hang workarounds
[   20.283988] Unpacking initramfs...
[   22.106989] Freeing initrd memory: 10776K
[   22.157973] RAPL PMU detected, API unit is 2^-32 Joules, 4 fixed counters 10737418240 ms ovfl timer
[   22.243007] hw unit of domain pp0-core 2^-0 Joules
[   22.305436] hw unit of domain package 2^-0 Joules
[   22.336750] hw unit of domain dram 2^-0 Joules
[   22.353618] hw unit of domain pp1-gpu 2^-0 Joules
[   22.383867] platform rtc_cmos: registered platform RTC device (no PNP device found)
[   22.418643] Scanning for low memory corruption every 60 seconds
[   22.526989] audit: initializing netlink subsys (disabled)
[   22.575884] audit: type=2000 audit(1524732866.677:1): initialized
[   22.626535] Initialise system trusted keyring
[   22.708410] HugeTLB registered 2 MB page size, pre-allocated 0 pages
[   22.817312] zbud: loaded
[   22.863435] VFS: Disk quotas dquot_6.6.0
[   22.937566] VFS: Dquot-cache hash table entries: 512 (order 0, 4096 bytes)
[   23.108574] squashfs: version 4.0 (2009/01/31) Phillip Lougher
[   23.208232] fuse init (API version 7.23)
[   23.325926] Key type big_key registered
[   23.392452] tsc: Refined TSC clocksource calibration: 2598.492 MHz
[   23.435430] clocksource: tsc: mask: 0xffffffffffffffff max_cycles: 0x2574ab8b364, max_idle_ns: 440795229769 ns
[   23.435506] Allocating IMA MOK and blacklist keyrings.
[   23.448107] Key type asymmetric registered
[   23.499599] Asymmetric key parser 'x509' registered
[   23.554096] Block layer SCSI generic (bsg) driver version 0.4 loaded (major 249)
[   23.647956] io scheduler noop registered
[   .627]  sedereainregistre(default)
[   24.784]o hele cfq registered
[   24.467453] pci_hotplug: PCI Hot Plug PCI Core version: 0.5
[   24.545719] pciehp: PCI Express Hot Plug Controller Driver version: 0.4
[   24.578327] ACPI: AC Adapter [AC] (off-line)
[   246490inutPor tt a/dvies/LXSTM00/LNXRB00np/iut

[   25.621]CP Peruton[PF][  28970inpu: ee Butt a/dic/LSYM:/LNXSLP:0inutnp1
[  2655409] ACPI: Sleep Button [SLPF]

[   26.833426] GHES: HEST is not enabled!
[   26.833464] ACPI: Battery Slot [BAT0] (battery present)
[   26.884660] Serial: 8250/16550 driver, 32 ports, IRQ sharing enabled
[   26.936368] 00:02: ttyS0 at I/O 0x3f8 (irq = 4, base_baud = 115200) is a 16550A
[   27.045619] Linux agpgart interface v0.103
[   27.101158] loop: module loaded
[   27.115244] scsi host0: ata_piix
[   27.134823] scsi host1: ata_piix
[   27.148602] ata1: PATA max UDMA/33 cmd 0x1f0 ctl 0x3f6 bmdma 0xd000 irq 14
[   27.172009] ata2: PATA max UDMA/33 cmd 0x170 ctl 0x376 bmdma 0xd008 irq 15
[   27.204346] libphy: Fixed MDIO Bus: probed
[   27.266076] tun: Universal TUN/TAP device driver, 1.6
[   27.283925] tun: (C) 1999-2004 Max Krasnyansky <maxk@qualcomm.com>
[   27.310665] PPP generic driver version 2.4.2
[   27.342201] ehci_hcd: USB 2.0 'Enhanced' Host Controller (EHCI) Driver
[   27.427702] ehci-pci: EHCI PCI platform driver
[   27.476016] ehci-platform: EHCI generic platform driver
[   27.509005] ohci_hcd: USB 1.1 'Open' Host Controller (OHCI) Driver
[   27.621611] ohci-pci: OHCI PCI platform driver
[   27.675710] ohci-platform: OHCI generic platform driver
[   27.741629] uhci_hcd: USB Universal Host Controller Interface driver
[   27.792783] i8042: PNP: PS/2 Controller [PNP0303:PS2K,PNP0f03:PS2M] at 0x60,0x64 irq 1,12
[   27.865031] serio: i8042 KBD port at 0x60,0x64 irq 1
[   27.923303] serio: i8042 AUX port at 0x60,0x64 irq 12
[   27.931854] mousedev: PS/2 mouse device common for all mice
[   27.943577] rtc_cmos rtc_cmos: rtc core: registered rtc_cmos as rtc0
[   27.963048] input: AT Translated Set 2 keyboard as /devices/platform/i8042/serio0/input/input2
[   27.983728] rtc_cmos rtc_cmos: alarms up to one day, 114 bytes nvram
[   8.00354] 2cde entrie dve

[   28.3173]evce-mper: uevent: version 1.0.3

[   28.493596] device-mapper: ioctl: 4.34.0-ioctl (2015-10-28) initialised: dm-devel@redhat.com
[   28.591961] ledtrig-cpu: registered to indicate activity on CPUs
[   28.687195] NET: Registered protocol family 10
[   28.726463] NET: Registered protocol family 17
[   28.783868] Key type dns_resolver registered
[   28.837700] registered taskstats version 1
[   28.875543] Loading compiled-in X.509 certificates
[   28.919734] Loaded X.509 cert 'Build time autogenerated kernel key: f854e06633b5f496ced5b2e02c7b14f761b69302'
[   29.008412] zswap: loaded using pool lzo/zbud
[   29.060523] Key type trusted registered
[   29.121421] Key type encrypted registered
[   29.136937] AppArmor: AppArmor sha1 policy hashing enabled
[   29.151635] ima: No TPM chip found, activating TPM-bypass!
[   29.166695] evm: HMAC attrs: 0x1
[   29.174837]   Magic number: 14:678:928
[   29.197348] rtc_cmos rtc_cmos: setting system clock to 2018-04-26 08:54:46 UTC (1524732886)
[   29.209573] BIOS EDD facility v0.16 2004-Jun-25, 0 devices found
[   29.292442] EDD information not available.
[   29.319540] Freeing unused kernel memory: 1508K
[   29.358791] Write protecting the kernel read-only data: 14336k
[   29.395145] Freeing unused kernel memory: 1696K
[   29.435761] Freeing unused kernel memory: 100K
Loading, please [   29.474715] random: systemd-udevd: uninitialized urandom read (16 bytes read, 4 bits of entropy available)
wait...
startin[   29.476631] random: udevadm: uninitialized urandom read (16 bytes read, 4 bits of entropy available)
g version 229
[   29.476670] random: udevadm: uninitialized urandom read (16 bytes read, 4 bits of entropy available)
[   29.487016] random: udevadm: uninitialized urandom read (16 bytes read, 4 bits of entropy available)
[   29.487057] random: udevadm: uninitialized urandom read (16 bytes read, 4 bits of entropy available)
[   29.487171] random: udevadm: uninitialized urandom read (16 bytes read, 4 bits of entropy available)
[   29.487213] random: udevadm: uninitialized urandom read (16 bytes read, 4 bits of entropy available)
[   29.487255] random: udevadm: uninitialized urandom read (16 bytes read, 4 bits of entropy available)
[   29.487297] random: udevadm: uninitialized urandom read (16 bytes read, 4 bits of entropy available)
[   29.487336] random: udevadm: uninitialized urandom read (16 bytes read, 4 bits of entropy available)
[   30.289280] e1000: Intel(R) PRO/1000 Network Driver - version 7.3.21-k8-NAPI
[   30.354536] e1000: Copyright (c) 1999-2006 Intel Corporation.
[   30.384642] Fusion MPT base driver 3.04.20
[   30.394218] Copyright (c) 1999-2008 LSI Corporation
[   30.398749] AVX2 version of gcm_enc/dec engaged.
[   30.409822] AES CTR mode by8 optimization enabled
[   30.414842] Fusion MPT SPI Host driver 3.04.20
[   30.582577] input: ImExPS/2 Generic Explorer Mouse as /devices/platform/i8042/serio1/input/input4
[   30.831903] e1000 0000:00:03.0 eth0: (PCI:33MHz:32-bit) 02:62:8c:65:d6:7a
[   30.913681] e1000 0000:00:03.0 eth0: Intel(R) PRO/1000 Network Connection
[   30.967564] e1000 0000:00:03.0 enp0s3: renamed from eth0
[   31.086518] mptbase: ioc0: Initiating bringup
[   31.149580] ioc0: LSI53C1030 A0: Capabilities={Initiator}
[   31.400443] scsi host2: ioc0: LSI53C1030 A0, FwRev=00000000h, Ports=1, MaxQ=256, IRQ=20
[   31.546510] scsi 2:0:0:0: Direct-Access     VBOX     HARDDISK         1.0  PQ: 0 ANSI: 5
[   32.946971] scsi target2:0:0: Beginning Domain Validation
[   32.999873] scsi target2:0:0: Domain Validation skipping write tests
[   33.054018] scsi target2:0:0: Ending Domain Validation
[   33.115894] scsi target2:0:0: asynchronous
[   33.174465] scsi 2:0:1:0: Direct-Access     VBOX     HARDDISK         1.0  PQ: 0 ANSI: 5
[   33.266640] scsi target2:0:1: Beginning Domain Validation
[   33.310431] scsi target2:0:1: Domain Validation skipping write tests
[   34.517652] scsi target2:0:1: Ending Domain Validation
[   34.517774] floppy0: no floppy controllers found
[   34.517821] work still pending
[   34.670098] scsi target2:0:1: asynchronous
[   34.739402] sd 2:0:0:0: Attached scsi generic sg0 type 0
[   34.782818] sd 2:0:0:0: [sda] 20971520 512-byte logical blocks: (10.7 GB/10.0 GiB)
[   34.782957] sd 2:0:1:0: Attached scsi generic sg1 type 0
[   34.783197] sd 2:0:1:0: [sdb] 20480 512-byte logical blocks: (10.5 MB/10.0 MiB)
[   34.783433] sd 2:0:1:0: [sdb] Write Protect is off
[   34.783595] sd 2:0:1:0: [sdb] Incomplete mode parameter data
[   34.783596] sd 2:0:1:0: [sdb] Assuming drive cache: write through
[   34.785535] sd 2:0:1:0: [sdb] Attached SCSI disk
[   34.947989] sd 2:0:0:0: [sda] Write Protect is off
[   34.977927] sd 2:0:0:0: [sda] Incomplete mode parameter data
[   35.045153] sd 2:0:0:0: [sda] Assuming drive cache: write through
[   35.137108]  sda: sda1
[   35.171208] sd 2:0:0:0: [sda] Attached SCSI disk
Begin: Loading e[   36.574727] md: linear personality registered for level -1
ssential drivers ... [   36.665099] md: multipath personality registered for level -4
[   36.741054] md: raid0 personality registered for level 0
[   36.845157] md: raid1 personality registered for level 1
[   36.933547] raid6: sse2x1   gen()  9503 MB/s
[   37.041292] raid6: sse2x1   xor()  7219 MB/s
[   37.149301] raid6: sse2x2   gen()  6416 MB/s
[   37.253253] raid6: sse2x2   xor()  8394 MB/s
[   37.369778] raid6: sse2x4   gen() 13589 MB/s
[   37.534355] raid6: sse2x4   xor()  9416 MB/s
[   37.689976] raid6: avx2x1   gen() 18178 MB/s
[   37.794013] raid6: avx2x2   gen() 20720 MB/s
[   37.941522] raid6: avx2x4   gen() 23673 MB/s
[   37.955344] raid6: using algorithm avx2x4 gen() 23673 MB/s
[   38.031629] raid6: using avx2x2 recovery algorithm
[   38.076255] xor: automatically using best checksumming function:
[   38.169486]    avx       : 19069.000 MB/sec
[   38.183862] async_tx: api initialized (async)
[   38.199735] md: raid6 personality registered for level 6
[   38.210607] md: raid5 personality registered for level 5
[   38.222327] md: raid4 personality registered for level 4
[   38.248436] md: raid10 personality registered for level 10
done.
Begin: Running /scripts/init-premount ... done.
Begin: Mounting root file system ... Begin: R[   38.303432] Btrfs loaded
unning /scripts/local-top ... done.
Begin: Running /scripts/local-premount ... Scanning for Btrfs filesystems
done.
Warning: fsck no[   38.413088] EXT4-fs (sda1): mounted filesystem with ordered data mode. Opts: (null)
t present, so skipping root file system
done.
Begin: Running /scripts/local-bottom ... done.
Begin: Running /scripts/init-bottom ... done.
[   38.689003] systemd[1]: systemd 229 running in system mode. (+PAM +AUDIT +SELINUX +IMA +APPARMOR +SMACK +SYSVINIT +UTMP +LIBCRYPTSETUP +GCRYPT +GNUTLS +ACL +XZ -LZ4 +SECCOMP +BLKID +ELFUTILS +KMOD -IDN)
[   38.760905] systemd[1]: Detected virtualization oracle.
[   38.837307] systemd[1]: Detected architecture x86-64.

Welcome to [1mUbuntu 16.04.4 LTS[0m!

[   38.926810] systemd[1]: Set hostname to <ubuntu>.
[   38.955427] systemd[1]: Initializing machine ID from random generator.
[   39.038168] systemd[1]: Installed transient /etc/machine-id file.
[   39.286725] systemd[1]: Listening on Journal Socket (/dev/log).
[[0;32m  OK  [0m] Listening on Journal Socket (/dev/log).
[   39.354444] systemd[1]: Created slice System Slice.
[[0;32m  OK  [0m] Created slice System Slice.
[   39.383892] systemd[1]: Listening on LVM2 poll daemon socket.
[[0;32m  OK  [0m] Listening on LVM2 poll daemon socket.
[   39.430099] systemd[1]: Listening on Device-mapper event daemon FIFOs.
[[0;32m  OK  [0m] Listening on Device-mapper event daemon FIFOs.
[   39.548836] systemd[1]: Reached target User and Group Name Lookups.
[[0;32m  OK  [0m] Reached target User and Group Name Lookups.
[   39.714886] systemd[1]: Set up automount Arbitrary Executable File Formats File System Automount Point.
[[0;32m  OK  [0m] Set up automount Arbitrary Executab...ats File System Automount Point.
[   39.854033] systemd[1]: Listening on LVM2 metadata daemon socket.
[[0;32m  OK  [0m] Listening on LVM2 metadata daemon socket.
[   39.990155] systemd[1]: Listening on udev Control Socket.
[[0;32m  OK  [0m] Listening on udev Control Socket.
[   40.082394] systemd[1]: Listening on Journal Audit Socket.
[[0;32m  OK  [0m] Listening on Journal Audit Socket.
[   40.174036] systemd[1]: Reached target System Time Synchronized.
[[0;32m  OK  [0m] Reached target System Time Synchronized.
[   40.282509] systemd[1]: Listening on Journal Socket.
[[0;32m  OK  [0m] Listening on Journal Socket.
[   40.389818] systemd[1]: Mounting POSIX Message Queue File System...
         Mounting POSIX Message Queue File System...
[   40.481648] systemd[1]: Starting Uncomplicated firewall...
         Starting Uncomplicated firewall...
[   40.514904] systemd[1]: Mounting Debug File System...
         Mounting Debug File System...
[   40.554051] systemd[1]: Starting Set console keymap...
         Starting Set console keymap...
[   40.626068] systemd[1]: Mounting Huge Pages File System...
         Mounting Huge Pages File System...
[   40.758205] systemd[1]: Starting Monitoring of LVM2 mirrors, snapshots etc. using dmeventd or progress polling...
[   40.766336] random: nonblocking pool is initialized
         Starting Monitoring of LVM2 mirrors... dmeventd or progress polling...
[   40.898053] systemd[1]: Starting Remount Root and Kernel File Systems...
[   40.908628] EXT4-fs (sda1): re-mounted. Opts: (null)
         Starting Remount Root and Kernel File Systems...
[   40.981862] systemd[1]: Starting Nameserver information manager...
         Starting Nameserver information manager...
[   41.089844] systemd[1]: Listening on Syslog Socket.
[[0;32m  OK  [0m] Listening on Syslog Socket.
[   41.198863] systemd[1]: Listening on udev Kernel Socket.
[[0;32m  OK  [0m] Listening on udev Kernel Socket.
[   41.250182] systemd[1]: Reached target Encrypted Volumes.
[[0;32m  OK  [0m] Reached target Encrypted Volumes.
[   41.369889] systemd[1]: Starting Load Kernel Modules...
[   41.38539Lodi iSItransportclass v2.087
         [   41.732064] iscsi: registered transport (tcp)
Starting Load Kernel Modules...
[   41.779825] systemd[1]: Started Forward Password Requests to Wall Directory Watch.
[[0;32m  OK  [0m] Started Forw[   41.802650] iscsi: registered transport (iser)
ard Password Requests to Wall Directory Watch.
[   41.913850] systemd[1]: Starting Create list of required static device nodes for the current kernel...
         Starting Create list of required st... nodes for the current kernel...
[   42.051252] systemd[1]: Listening on /dev/initctl Compatibility Named Pipe.
[[0;32m  OK  [0m] Listening on /dev/initctl Compatibility Named Pipe.
[   42.218919] systemd[1]: Started Trigger resolvconf update for networkd DNS.
[[0;32m  OK  [0m] Started Trigger resolvconf update for networkd DNS.
[   42.373610] systemd[1]: Starting Journal Service...
         Starting Journal Service...
[   42.438187] systemd[1]: Created slice User and Session Slice.
[[0;32m  OK  [0m] Created slice User and Session Slice.
[   42.501657] systemd[1]: Reached target Swap.
[[0;32m  OK  [0m] Reached target Swap.
[   42.530238] systemd[1]: Created slice system-serial\x2dgetty.slice.
[[0;32m  OK  [0m] Created slice system-serial\x2dgetty.slice.
[   42.558126] systemd[1]: Reached target Slices.
[[0;32m  OK  [0m] Reached target Slices.
[   42.591095] systemd[1]: Mounted POSIX Message Queue File System.
[[0;32m  OK  [0m] Mounted POSIX Message Queue File System.
[   42.657604] systemd[1]: Mounted Huge Pages File System.
[[0;32m  OK  [0m] Mounted Huge Pages File System.
[   42.745793] systemd[1]: Mounted Debug File System.
[[0;32m  OK  [0m] Mounted Debug File System.
[   42.773696] systemd[1]: Started Journal Service.
[[0;32m  OK  [0m] Started Journal Service.
[[0;32m  OK  [0m] Started Uncomplicated firewall.
[[0;32m  OK  [0m] Started Set console keymap.
[[0;32m  OK  [0m] Started Remount Root and Kernel File Systems.
[[0;32m  OK  [0m] Started Load Kernel Modules.
[[0;32m  OK  [0m] Started Create list of required sta...ce nodes for the current kernel.
[[0;32m  OK  [0m] Started Nameserver information manager.
[[0;32m  OK  [0m] Started LVM2 metadata daemon.
         Starting Create Static Device Nodes in /dev...
         Mounting FUSE Control File System...
         Starting Apply Kernel Variables...
         Starting Load/Save Random Seed...
         Starting udev Coldplug all Devices...
         Starting Initial cloud-init job (pre-networking)...
         Starting Flush Journal to Persistent Storage...
[[0;32m  OK  [0m] Mounted FUSE Control File System.
[[0;32m  OK  [0m] Started Monitoring of LVM2 mirrors,...ng dmeventd or progress polling.
[[0;32m  OK  [0m] Started Create Static Device Nodes in /dev.
[[0;32m  OK  [0m] Started Apply Kernel Variables.
[[0;32m  OK  [0m] Started Load/Save Random Seed.
[[0;32m  OK  [0m] Started Flush Journal to Persistent Storage.
[[0;32m  OK  [0m] Started udev Coldplug all Devices.
         Starting udev Kernel Device Manager...
[[0;32m  OK  [0m] Started udev Kernel Device Manager.
[[0;32m  OK  [0m] Started Dispatch Password Requests to Console Directory Watch.
[[0;32m  OK  [0m] Reached target Local File Systems (Pre).
[[0;32m  OK  [0m] Reached target Local File Systems.
         Starting LSB: AppArmor initialization...
         Starting Tell Plymouth To Write Out Runtime Data...
         Starting Commit a transient machine-id on disk...
         Starting Set console font and keymap...
         Starting Create Volatile Files and Directories...
[[0;32m  OK  [0m] Started Tell Plymouth To Write Out Runtime Data.
[[0;32m  OK  [0m] Started Commit a transient machine-id on disk.
[[0;32m  OK  [0m] Started Create Volatile Files and Directories.
[   26.345913] cloud-init[460]: Cloud-init v. 18.2 running 'init-local' at Thu, 26 Apr 2018 08:55:01 +0000. Up 25.92 seconds.
[[0;32m  OK  [0m] Started Initial cloud-init job (pre-networking).
[[0;32m  OK  [0m] Found device /dev/ttyS0.
[[0;32m  OK  [0m] Listening on Load/Save RF Kill Switch Status /dev/rfkill Watch.
[[0;32m  OK  [0m] Reached target Network (Pre).
         Starting Update UTMP about System Boot/Shutdown...
[[0;32m  OK  [0m] Started Set console font and keymap.
[[0;32m  OK  [0m] Created slice system-getty.slice.
[[0;32m  OK  [0m] Started Update UTMP about System Boot/Shutdown.
[[0;32m  OK  [0m] Started LSB: AppArmor initialization.
         Starting Raise network interfaces...
[[0;32m  OK  [0m] Started Raise network interfaces.
         Starting Initial cloud-init job (metadata service crawler)...
[[0;32m  OK  [0m] Reached target Network.
[   29.948790] cloud-init[931]: Cloud-init v. 18.2 running 'init' at Thu, 26 Apr 2018 08:55:05 +0000. Up 29.43 seconds.
[   30.080950] [cloud-init[0;32m  OK  [0m[931]: ] ci-info: +++++++++++++++++++++++++++++++++++++Net device info++++++++++++++++++++++++++++++++++++++Started Initial cloud-init job (metadata service crawler).

[   30.081697] cloud-init[931]: ci-info: +--------+------+----------------------------+---------------+-------+-------------------+
[   30.260634] [cloud-init[0;32m  OK  [0m[931]: ] ci-info: | Device |  Up  |          Address           |      Mask     | Scope |     Hw-Address    |Reached target System Initialization.

[[0;32m  OK  [0m] Started Daily Cleanup of Temporary Directories.
[[0;32m  OK  [0m] Started Daily apt download activities.
[   30.261444] cloud-init[931]: ci-info: +--------+------+----------------------------+---------------+-------+-------------------+
[   30.809107] [cloud-init[0;32m  OK  [0m[931]: ] ci-info: | enp0s3 | True |         10.0.2.15          | 255.255.255.0 |   .   | 02:62:8c:65:d6:7a |Listening on D-Bus System Message Bus Socket.

[[0;32m  OK  [0m] Listening on UUID daemon activation socket.
[   30.809915] [cloud-init[0;32m  OK  [0m[931]: ] ci-info: | enp0s3 | True | fe80::62:8cff:fe65:d67a/64 |       .       |  link | 02:62:8c:65:d6:7a |Started Timer to automatically refresh installed snaps.

[[0;32m  OK  [0m] Started Daily apt upgrade and clean activities.
[   31.122514] cloud-init[931]: ci-info: |   lo   | True |         127.0.0.1          |   255.0.0.0   |   .   |         .         |
[   31.244648] cloud-init[931]: ci-info: |   lo   | True |          ::1/128           |       .       |  host |         .         |
[[0;32m  OK  [0m] Started ACPI Events Check.
[   31.246365] cloud-init[931]: ci-info: +--------+------+----------------------------+---------------+-------+-------------------+
[[0;32m  OK  [0m] Reached target Paths.
[   31.338252] cloud-init[931]: ci-info: +++++++++++++++++++++++++++Route IPv4 info++++++++++++++++++++++++++++
[[0;32m  OK  [0m] Listening on ACPID Listen Socket.
[   31.444444]          cloud-initStarting Socket activation for snappy daemon.[931]: 
ci-info: +-------+-------------+----------+---------------+-----------+-------+
[   31.656509] cloud-init[931]: ci-info: | Route | Destination | Gateway  |    Genmask    | Interface | Flags |
[[0;32m  OK  [0m] Reached target Timers.
[   31.657619] cloud-init[931]: ci-info: +-------+-------------+----------+---------------+-----------+-------+
[   31.773576]          cloud-initStarting LXD - unix socket.[931]: 
ci-info: |   0   |   0.0.0.0   | 10.0.2.2 |    0.0.0.0    |   enp0s3  |   UG  |
[   31.822825] [cloud-init[0;32m  OK  [0m[931]: ] ci-info: |   1   |   10.0.2.0  | 0.0.0.0  | 255.255.255.0 |   enp0s3  |   U   |Reached target Cloud-config availability.

[   31.914564] [cloud-init[0;32m  OK  [0m[931]: ] ci-info: +-------+-------------+----------+---------------+-----------+-------+Reached target Network is Online.

[   31.915707] cloud-init[931]: Generating public/private rsa key pair.
[   32.036506] cloud-init[931]: Your identification has been saved in /etc/ssh/ssh_host_rsa_key.
[   32.036650] cloud-init[931]: Your public key has been saved in /etc/ssh/ssh_host_rsa_key.pub.
[   32.037253] cloud-init[931]: The key fingerprint is:
[   32.037317] cloud-init[931]: SHA256:FPArDbbl+uV1qW8bUb6auy+AzAkiHLnUN7Q8+mYP0P8 root@ubuntu-xenial
[   32.037367] cloud-init[931]: The key's randomart image is:
[   32.037493] cloud-init[931]: +---[RSA 2048]----+
[   32.037585] cloud-init[931]: |    o oo.        |
[   32.037819] cloud-init[931]: |   + ..+..       |
[   32.037900] cloud-init[931]: |  o o ++=       .|
[   32.038072] cloud-init[931]: |   + ooO..     o |
[   32.038177] cloud-init[931]: |    .o+.S o   . .|
[   32.038239] cloud-init[931]: |      oo.= .   o.|
[   32.038297] cloud-init[931]: |      .= .. o +. |
[   32.038854] cloud-init[931]: |      o.oo.. ++. |
[   32.038905] cloud-init[931]: |        ...E.BBo |
[   32.039489] cloud-init[931]: +----[SHA256]-----+
[   32.039646] cloud-init[931]: Generating public/private dsa key pair.
[   32.039802] cloud-init[931]: Your identification has been saved in /etc/ssh/ssh_host_dsa_key.
[   32.040010] cloud-init[931]: Your public key has been saved in /etc/ssh/ssh_host_dsa_key.pub.
[   32.040067] cloud-init[931]: The key fingerprint is:
         Starting iSCSI initiator daemon (iscsid)...
[[0;32m  OK  [0m] Listening on Socket activation for snappy daemon.
[[0;32m  OK  [0m] Listening on LXD - unix socket.
[   32.040379] cloud-init[931]: SHA256:z8HKZzhe4zoTmgsNIu5VuLm0a2CAiz0lTiGAGAi2+0g root@ubuntu-xenial
[   33.172550] cloud-init[931]: The key's randomart image is:
[   33.208725] cloud-init[931]: +---[DSA 1024]----+
[   33.236651] cloud-init[931]: |Xo               |
[   33.252625] cloud-init[931]: |* o              |
[   33.268512] cloud-init[931]: |.o .             |
[   33.288629] cloud-init[931]: |o + o    .       |
[   33.306421] cloud-init[931]: |+E.+..  S o      |
[[0;32m  OK  [0m] Started iSCSI initiator daemon (iscsid).
[   33.327009] cloud-init[931]: |=+*.+o ..= .     |
[   33.375801] cloud-init[931]: |.o.B. .o=.B      |
[   33.392936] cloud-init[931]: |. o.o.o.o* .     |
[   33.424895] cloud-init[931]: | ..+. ..o+.      |
[   33.464914] cloud-init[931]: +----[SHA256]-----+
         Starting Login to default iSCSI targets...
[[0;32m  OK  [0m] Reached target Sockets.
[[0;32m  OK  [0m] Reached target Basic System.
[   33.483921] cloud-init[931]: Generating public/private ecdsa key pair.
[   33.577515]          cloud-initStarting Accounts Service...[931]: 
Your identification has been saved in /etc/ssh/ssh_host_ecdsa_key.
[   33.578564] cloud-init[931]: Your public key has been saved in /etc/ssh/ssh_host_ecdsa_key.pub.
[   33.713152]          cloud-initStarting LSB: Record successful boot for GRUB...[931]: 
The key fingerprint is:
[   33.751380]          cloud-initStarting Virtualbox guest utils...[931]: 
SHA256:Y3M3Or1NObaRQn0YlisCN/5Ohabj2eAES/6Dt9RLnO8 root@ubuntu-xenial
[   33.820500] cloud-init[931]: The key's randomart image is:
[   33.820728] cloud-init[931]: +---[ECDSA 256]---+
[   33.821298] cloud-init[931]: |                 |
[   33.821514] cloud-init[931]: |               . |
[   33.821661] cloud-init[931]: |        . o   +  |
[   33.821878] cloud-init[931]: |         + . + + |
[   33.821944] cloud-init[931]: |        S + B = .|
[   33.822149] cloud-init[931]: |       + * % = + |
[   33.822240] cloud-init[931]: |        o.O X B  |
[   33.822327] cloud-init[931]: |        .*oX O + |
[   33.822381] cloud-init[931]: |         .*o=.E  |
[   33.822453] cloud-init[931]: +----[SHA256]-----+
[   33.822532] cloud-init[931]: Generating public/private ed25519 key pair.
[   33.822576] cloud-init[931]: Your identification has been saved in /etc/ssh/ssh_host_ed25519_key.
[   33.822634] cloud-init[931]: Your public key has been saved in /etc/ssh/ssh_host_ed25519_key.pub.
[   33.822686] cloud-init[931]: The key fingerprint is:
[   33.822741] cloud-init[931]: SHA256:/Dp3y/vnVJ0WTPtAiPkPUnxJQnxfVNicf+rCGs/fy4A root@ubuntu-xenial
[   33.822779] cloud-init[931]: The key's randomart image is:
[   33.822831] cloud-init[931]: +--[ED25519 256]--+
[   33.822948] cloud-init[931]: |           *oooB=|
[   33.822999] cloud-init[931]: |          o =oB.=|
[   33.823058] cloud-init[931]: |           o o.=o|
[   33.823108] cloud-init[931]: |       .  . o  .O|
[   33.823167] cloud-init[931]: |        S  . o +=|
[   33.823205] cloud-init[931]: |         .  . + .|
[   33.823256] cloud-init[931]: |          oE o  .|
[   33.823334] cloud-init[931]: |        ...=+ +o.|
[   33.823422] cloud-init[931]: |        .o.o**o=+|
[   33.823481] cloud-init[931]: +----[SHA256]-----+
[[0;32m  OK  [0m] Started Regular background program processing daemon.
[[0;32m  OK  [0m] Started FUSE filesystem for LXC.
         Starting Login Service...
[[0;32m  OK  [0m] Started D-Bus System Message Bus.
         Starting Apply the settings specified in cloud-config...
[[0;32m  OK  [0m] Started Unattended Upgrades Shutdown.
         Starting LXD - container startup/shutdown...
         Starting System Logging Service...
[[0;32m  OK  [0m] Started Deferred execution scheduler.
         Starting LSB: MD monitoring daemon...
[[0;32m  OK  [0m] Started ACPI event daemon.
         Starting Pollinate to seed the pseudo random number generator...
         Starting /etc/rc.local Compatibility...
         Starting Snappy daemon...
[[0;32m  OK  [0m] Started System Logging Service.
[[0;32m  OK  [0m] Started LXD - container startup/shutdown.
[[0;32m  OK  [0m] Started /etc/rc.local Compatibility.
[[0;32m  OK  [0m] Started LSB: Record successful boot for GRUB.
[[0;32m  OK  [0m] Started Login to default iSCSI targets.
[[0;32m  OK  [0m] Started Snappy daemon.
[[0;32m  OK  [0m] Started Virtualbox guest utils.
[[0;32m  OK  [0m] Started LSB: MD monitoring daemon.
[[0;32m  OK  [0m] Started Login Service.
         Starting Authenticate and Authorize Users to Run Privileged Tasks...
[[0;32m  OK  [0m] Reached target Remote File Systems (Pre).
[[0;32m  OK  [0m] Reached target Remote File Systems.
         Starting Permit User Sessions...
         Starting LSB: automatic crash report generation...
         Starting LSB: Set the CPU Frequency Scaling governor to "ondemand"...
         Starting LSB: daemon to balance interrupts for SMP systems...
[[0;32m  OK  [0m] Started Pollinate to seed the pseudo random number generator.
[[0;32m  OK  [0m] Started Permit User Sessions.
[[0;32m  OK  [0m] Started Authenticate and Authorize Users to Run Privileged Tasks.
[[0;32m  OK  [0m] Started Accounts Service.
[   36.130623] cloud-init[1060]: Generating locales (this might take a while)...
[[0;32m  OK  [0m] Started LSB: Set the CPU Frequency Scaling governor to "ondemand".
[[0;32m  OK  [0m] Started LSB: automatic crash report generation.
         Starting Hold until boot process finishes up...
         Starting Terminate Plymouth Boot Screen...
         Starting OpenBSD Secure Shell server...
[[0;32m  OK  [0m] Started OpenBSD Secure Shell server.
[[0;32m  OK  [0m] Started LSB: daemon to balance interrupts for SMP systems.
[[0;32m  OK  [0m] Started Hold until boot process finishes up.
[[0;32m  OK  [0m] Started Terminate Plymouth Boot Screen.
[[0;32m  OK  [0m] Started Getty on tty1.
[[0;32m  OK  [0m] Started Serial Getty on ttyS0.
[[0;32m  OK  [0m] Reached target Login Prompts.
         Starting Set console scheme...
[[0;32m  OK  [0m] Reached target Multi-User System.
[[0;32m  OK  [0m] Reached target Graphical Interface.
         Starting Update UTMP about System Runlevel Changes...
[[0;32m  OK  [0m] Started Set console scheme.
[[0;32m  OK  [0m] Started Update UTMP about System Runlevel Changes.
[[0;32m  OK  [0m] Created slice User Slice of vagrant.
[[0;32m  OK  [0m] Started Session 1 of user vagrant.
         Starting User Manager for UID 1000...
[   37.116703] cloud-init[1060]:   en_US.UTF-8... done
[   37.181027] cloud-init[1060]: Generation complete.
[[0;32m  OK  [0m] Started User Manager for UID 1000.
[   37.532349] cloud-init[1060]: Cloud-init v. 18.2 running 'modules:config' at Thu, 26 Apr 2018 08:55:11 +0000. Up 35.75 seconds.
[[0;32m  OK  [0m] Started Apply the settings specified in cloud-config.
         Starting Execute cloud user/final scripts...
ci-info: no authorized ssh keys fingerprints found for user ubuntu.
<14>Apr 26 08:55:13 ec2: 
<14>Apr 26 08:55:13 ec2: #############################################################
<14>Apr 26 08:55:13 ec2: -----BEGIN SSH HOST KEY FINGERPRINTS-----
<14>Apr 26 08:55:13 ec2: 1024 SHA256:z8HKZzhe4zoTmgsNIu5VuLm0a2CAiz0lTiGAGAi2+0g root@ubuntu-xenial (DSA)
<14>Apr 26 08:55:13 ec2: 256 SHA256:Y3M3Or1NObaRQn0YlisCN/5Ohabj2eAES/6Dt9RLnO8 root@ubuntu-xenial (ECDSA)
<14>Apr 26 08:55:13 ec2: 256 SHA256:/Dp3y/vnVJ0WTPtAiPkPUnxJQnxfVNicf+rCGs/fy4A root@ubuntu-xenial (ED25519)
<14>Apr 26 08:55:13 ec2: 2048 SHA256:FPArDbbl+uV1qW8bUb6auy+AzAkiHLnUN7Q8+mYP0P8 root@ubuntu-xenial (RSA)
<14>Apr 26 08:55:13 ec2: -----END SSH HOST KEY FINGERPRINTS-----
<14>Apr 26 08:55:13 ec2: #############################################################
-----BEGIN SSH HOST KEY KEYS-----
ecdsa-sha2-nistp256 AAAAE2VjZHNhLXNoYTItbmlzdHAyNTYAAAAIbmlzdHAyNTYAAABBBJ3tTySUnfaemTd62xKtHuEt+F0qwAtCjhwpXcj+TmENfit1a9lLWz7xSkYAIQ5ag6DbeP/PgqXi+EzAS9a7qzM= root@ubuntu-xenial
ssh-ed25519 AAAAC3NzaC1lZDI1NTE5AAAAIEDKnM23LGNSOnCcZd33590ioMd7jvVSKuaUMct77OxM root@ubuntu-xenial
ssh-rsa AAAAB3NzaC1yc2EAAAADAQABAAABAQDML5dNvCLSuWqtfCrY/9AhpbTwan5e8VxeTGBIj69E74fGK9lyVHdLZZ0WnYN/cHvhhXG4Ej1XGfbRDzB+CEbOZkujwSkh17yqHwOVk6Bpz9T5r8pf+tMCody+8sqUR14Y0g+XoNUhTiUPlgtLDS1z9CNdks77u0IKfNCNlg9zfncu2O6O1/3+iRimv7NtABDLiSUb0q3UD1635FA0kaJCknfZgjOmGr0m1Qb4ymTA4EXiAvsR4doc0wwoIE9gnuT/DUHRJyggBxj/RnVDpZqgH3+ohKBB1kFtbfJ02kHDsWOmHEsl+T36I5aratturI5VfyeyRX20TUqPUXgj4Lvr root@ubuntu-xenial
-----END SSH HOST KEY KEYS-----
         Stopping User Manager for UID 1000...
[[0;32m  OK  [0m] Stopped User Manager for UID 1000.
[   39.169017] cloud-init[1355]: Cloud-init v. 18.2 running 'modules:final' at Thu, 26 Apr 2018 08:55:13 +0000. Up 38.11 seconds.
[   39.207653] cloud-init[1355]: ci-info: no authorized ssh keys fingerprints found for user ubuntu.
[   39.208509] cloud-init[1355]: Cloud-init v. 18.2 finished at Thu, 26 Apr 2018 08:55:14 +0000. Datasource DataSourceNoCloud [seed=/dev/sdb][dsmode=net].  Up 39.16 seconds
[[0;32m  OK  [0m] Removed slice User Slice of vagrant.
[[0;32m  OK  [0m] Started Execute cloud user/final scripts.
[[0;32m  OK  [0m] Reached target Cloud-init target.

Ubuntu 16.04.4 LTS ubuntu-xenial ttyS0

ubuntu-xenial login: 